Archive member included to satisfy reference by file (symbol)

C:/ST/STM32CubeCLT/GNU-tools-for-STM32/bin/../lib/gcc/arm-none-eabi/11.3.1/../../../../arm-none-eabi/lib/thumb/v7e-m+fp/hard\libc.a(libc_a-exit.o)
                              C:/ST/STM32CubeCLT/GNU-tools-for-STM32/bin/../lib/gcc/arm-none-eabi/11.3.1/../../../../arm-none-eabi/lib/thumb/v7e-m+fp/hard/crt0.o (exit)
C:/ST/STM32CubeCLT/GNU-tools-for-STM32/bin/../lib/gcc/arm-none-eabi/11.3.1/../../../../arm-none-eabi/lib/thumb/v7e-m+fp/hard\libc.a(libc_a-findfp.o)
                              C:/ST/STM32CubeCLT/GNU-tools-for-STM32/bin/../lib/gcc/arm-none-eabi/11.3.1/../../../../arm-none-eabi/lib/thumb/v7e-m+fp/hard\libc.a(libc_a-exit.o) (__stdio_exit_handler)
C:/ST/STM32CubeCLT/GNU-tools-for-STM32/bin/../lib/gcc/arm-none-eabi/11.3.1/../../../../arm-none-eabi/lib/thumb/v7e-m+fp/hard\libc.a(libc_a-fwalk.o)
                              C:/ST/STM32CubeCLT/GNU-tools-for-STM32/bin/../lib/gcc/arm-none-eabi/11.3.1/../../../../arm-none-eabi/lib/thumb/v7e-m+fp/hard\libc.a(libc_a-findfp.o) (_fwalk_sglue)
C:/ST/STM32CubeCLT/GNU-tools-for-STM32/bin/../lib/gcc/arm-none-eabi/11.3.1/../../../../arm-none-eabi/lib/thumb/v7e-m+fp/hard\libc.a(libc_a-stdio.o)
                              C:/ST/STM32CubeCLT/GNU-tools-for-STM32/bin/../lib/gcc/arm-none-eabi/11.3.1/../../../../arm-none-eabi/lib/thumb/v7e-m+fp/hard\libc.a(libc_a-findfp.o) (__sread)
C:/ST/STM32CubeCLT/GNU-tools-for-STM32/bin/../lib/gcc/arm-none-eabi/11.3.1/../../../../arm-none-eabi/lib/thumb/v7e-m+fp/hard\libc.a(libc_a-memset.o)
                              C:/ST/STM32CubeCLT/GNU-tools-for-STM32/bin/../lib/gcc/arm-none-eabi/11.3.1/../../../../arm-none-eabi/lib/thumb/v7e-m+fp/hard/crt0.o (memset)
C:/ST/STM32CubeCLT/GNU-tools-for-STM32/bin/../lib/gcc/arm-none-eabi/11.3.1/../../../../arm-none-eabi/lib/thumb/v7e-m+fp/hard\libc.a(libc_a-closer.o)
                              C:/ST/STM32CubeCLT/GNU-tools-for-STM32/bin/../lib/gcc/arm-none-eabi/11.3.1/../../../../arm-none-eabi/lib/thumb/v7e-m+fp/hard\libc.a(libc_a-stdio.o) (_close_r)
C:/ST/STM32CubeCLT/GNU-tools-for-STM32/bin/../lib/gcc/arm-none-eabi/11.3.1/../../../../arm-none-eabi/lib/thumb/v7e-m+fp/hard\libc.a(libc_a-reent.o)
                              C:/ST/STM32CubeCLT/GNU-tools-for-STM32/bin/../lib/gcc/arm-none-eabi/11.3.1/../../../../arm-none-eabi/lib/thumb/v7e-m+fp/hard\libc.a(libc_a-closer.o) (errno)
C:/ST/STM32CubeCLT/GNU-tools-for-STM32/bin/../lib/gcc/arm-none-eabi/11.3.1/../../../../arm-none-eabi/lib/thumb/v7e-m+fp/hard\libc.a(libc_a-impure.o)
                              C:/ST/STM32CubeCLT/GNU-tools-for-STM32/bin/../lib/gcc/arm-none-eabi/11.3.1/../../../../arm-none-eabi/lib/thumb/v7e-m+fp/hard\libc.a(libc_a-reent.o) (_impure_ptr)
C:/ST/STM32CubeCLT/GNU-tools-for-STM32/bin/../lib/gcc/arm-none-eabi/11.3.1/../../../../arm-none-eabi/lib/thumb/v7e-m+fp/hard\libc.a(libc_a-lseekr.o)
                              C:/ST/STM32CubeCLT/GNU-tools-for-STM32/bin/../lib/gcc/arm-none-eabi/11.3.1/../../../../arm-none-eabi/lib/thumb/v7e-m+fp/hard\libc.a(libc_a-stdio.o) (_lseek_r)
C:/ST/STM32CubeCLT/GNU-tools-for-STM32/bin/../lib/gcc/arm-none-eabi/11.3.1/../../../../arm-none-eabi/lib/thumb/v7e-m+fp/hard\libc.a(libc_a-readr.o)
                              C:/ST/STM32CubeCLT/GNU-tools-for-STM32/bin/../lib/gcc/arm-none-eabi/11.3.1/../../../../arm-none-eabi/lib/thumb/v7e-m+fp/hard\libc.a(libc_a-stdio.o) (_read_r)
C:/ST/STM32CubeCLT/GNU-tools-for-STM32/bin/../lib/gcc/arm-none-eabi/11.3.1/../../../../arm-none-eabi/lib/thumb/v7e-m+fp/hard\libc.a(libc_a-writer.o)
                              C:/ST/STM32CubeCLT/GNU-tools-for-STM32/bin/../lib/gcc/arm-none-eabi/11.3.1/../../../../arm-none-eabi/lib/thumb/v7e-m+fp/hard\libc.a(libc_a-stdio.o) (_write_r)
C:/ST/STM32CubeCLT/GNU-tools-for-STM32/bin/../lib/gcc/arm-none-eabi/11.3.1/../../../../arm-none-eabi/lib/thumb/v7e-m+fp/hard\libc.a(libc_a-init.o)
                              C:/ST/STM32CubeCLT/GNU-tools-for-STM32/bin/../lib/gcc/arm-none-eabi/11.3.1/../../../../arm-none-eabi/lib/thumb/v7e-m+fp/hard/crt0.o (__libc_init_array)
C:/ST/STM32CubeCLT/GNU-tools-for-STM32/bin/../lib/gcc/arm-none-eabi/11.3.1/../../../../arm-none-eabi/lib/thumb/v7e-m+fp/hard\libc.a(libc_a-lock.o)
                              C:/ST/STM32CubeCLT/GNU-tools-for-STM32/bin/../lib/gcc/arm-none-eabi/11.3.1/../../../../arm-none-eabi/lib/thumb/v7e-m+fp/hard\libc.a(libc_a-findfp.o) (__retarget_lock_init_recursive)
C:/ST/STM32CubeCLT/GNU-tools-for-STM32/bin/../lib/gcc/arm-none-eabi/11.3.1/../../../../arm-none-eabi/lib/thumb/v7e-m+fp/hard\libc.a(libc_a-__call_atexit.o)
                              C:/ST/STM32CubeCLT/GNU-tools-for-STM32/bin/../lib/gcc/arm-none-eabi/11.3.1/../../../../arm-none-eabi/lib/thumb/v7e-m+fp/hard\libc.a(libc_a-exit.o) (__call_exitprocs)
C:/ST/STM32CubeCLT/GNU-tools-for-STM32/bin/../lib/gcc/arm-none-eabi/11.3.1/../../../../arm-none-eabi/lib/thumb/v7e-m+fp/hard\libc.a(libc_a-atexit.o)
[...]
Memory Configuration

Name             Origin             Length             Attributes
RAM              0x0000000020000000 0x0000000000020000 xrw
FLASH            0x0000000008000000 0x0000000000080000 xr
*default*        0x0000000000000000 0xffffffffffffffff

Linker script and memory map

LOAD C:/ST/STM32CubeCLT/GNU-tools-for-STM32/bin/../lib/gcc/arm-none-eabi/11.3.1/thumb/v7e-m+fp/hard/crti.o
LOAD C:/ST/STM32CubeCLT/GNU-tools-for-STM32/bin/../lib/gcc/arm-none-eabi/11.3.1/thumb/v7e-m+fp/hard/crtbegin.o
LOAD C:/ST/STM32CubeCLT/GNU-tools-for-STM32/bin/../lib/gcc/arm-none-eabi/11.3.1/../../../../arm-none-eabi/lib/thumb/v7e-m+fp/hard/crt0.o
START GROUP
LOAD C:/ST/STM32CubeCLT/GNU-tools-for-STM32/bin/../lib/gcc/arm-none-eabi/11.3.1/../../../../arm-none-eabi/lib/thumb/v7e-m+fp/hard\libc.a
LOAD C:/ST/STM32CubeCLT/GNU-tools-for-STM32/bin/../lib/gcc/arm-none-eabi/11.3.1/../../../../arm-none-eabi/lib/thumb/v7e-m+fp/hard\libm.a
LOAD C:/ST/STM32CubeCLT/GNU-tools-for-STM32/bin/../lib/gcc/arm-none-eabi/11.3.1/../../../../arm-none-eabi/lib/thumb/v7e-m+fp/hard\libstdc++.a
LOAD C:/ST/STM32CubeCLT/GNU-tools-for-STM32/bin/../lib/gcc/arm-none-eabi/11.3.1/../../../../arm-none-eabi/lib/thumb/v7e-m+fp/hard\libsupc++.a
END GROUP
LOAD CMakeFiles/controller_PMSM.dir/Core/Src/stm32g4xx_hal_msp.c.obj
LOAD CMakeFiles/controller_PMSM.dir/Core/Src/stm32g4xx_it.c.obj
LOAD CMakeFiles/controller_PMSM.dir/Core/Src/syscalls.c.obj
LOAD CMakeFiles/controller_PMSM.dir/Core/Src/sysmem.c.obj
LOAD CMakeFiles/controller_PMSM.dir/Core/Src/system_stm32g4xx.c.obj
LOAD CMakeFiles/controller_PMSM.dir/Drivers/STM32G4xx_HAL_Driver/Src/stm32g4xx_hal_cortex.c.obj
LOAD CMakeFiles/controller_PMSM.dir/Drivers/STM32G4xx_HAL_Driver/Src/stm32g4xx_hal_dma_ex.c.obj
LOAD CMakeFiles/controller_PMSM.dir/Drivers/STM32G4xx_HAL_Driver/Src/stm32g4xx_hal_dma.c.obj
LOAD CMakeFiles/controller_PMSM.dir/Drivers/STM32G4xx_HAL_Driver/Src/stm32g4xx_hal_exti.c.obj
LOAD CMakeFiles/controller_PMSM.dir/Drivers/STM32G4xx_HAL_Driver/Src/stm32g4xx_hal_flash_ex.c.obj
LOAD CMakeFiles/controller_PMSM.dir/Drivers/STM32G4xx_HAL_Driver/Src/stm32g4xx_hal_flash_ramfunc.c.obj
LOAD CMakeFiles/controller_PMSM.dir/Drivers/STM32G4xx_HAL_Driver/Src/stm32g4xx_hal_flash.c.obj
LOAD CMakeFiles/controller_PMSM.dir/Drivers/STM32G4xx_HAL_Driver/Src/stm32g4xx_hal_gpio.c.obj
LOAD CMakeFiles/controller_PMSM.dir/Drivers/STM32G4xx_HAL_Driver/Src/stm32g4xx_hal_pwr_ex.c.obj
LOAD CMakeFiles/controller_PMSM.dir/Drivers/STM32G4xx_HAL_Driver/Src/stm32g4xx_hal_pwr.c.obj
LOAD CMakeFiles/controller_PMSM.dir/Drivers/STM32G4xx_HAL_Driver/Src/stm32g4xx_hal_rcc_ex.c.obj
LOAD CMakeFiles/controller_PMSM.dir/Drivers/STM32G4xx_HAL_Driver/Src/stm32g4xx_hal_rcc.c.obj
LOAD CMakeFiles/controller_PMSM.dir/Drivers/STM32G4xx_HAL_Driver/Src/stm32g4xx_hal.c.obj
START GROUP
LOAD C:/ST/STM32CubeCLT/GNU-tools-for-STM32/bin/../lib/gcc/arm-none-eabi/11.3.1/thumb/v7e-m+fp/hard\libgcc.a
LOAD C:/ST/STM32CubeCLT/GNU-tools-for-STM32/bin/../lib/gcc/arm-none-eabi/11.3.1/../../../../arm-none-eabi/lib/thumb/v7e-m+fp/hard\libg.a
LOAD C:/ST/STM32CubeCLT/GNU-tools-for-STM32/bin/../lib/gcc/arm-none-eabi/11.3.1/../../../../arm-none-eabi/lib/thumb/v7e-m+fp/hard\libc.a
END GROUP
START GROUP
LOAD C:/ST/STM32CubeCLT/GNU-tools-for-STM32/bin/../lib/gcc/arm-none-eabi/11.3.1/thumb/v7e-m+fp/hard\libgcc.a
LOAD C:/ST/STM32CubeCLT/GNU-tools-for-STM32/bin/../lib/gcc/arm-none-eabi/11.3.1/../../../../arm-none-eabi/lib/thumb/v7e-m+fp/hard\libc.a
LOAD C:/ST/STM32CubeCLT/GNU-tools-for-STM32/bin/../lib/gcc/arm-none-eabi/11.3.1/../../../../arm-none-eabi/lib/thumb/v7e-m+fp/hard\libnosys.a
END GROUP
LOAD C:/ST/STM32CubeCLT/GNU-tools-for-STM32/bin/../lib/gcc/arm-none-eabi/11.3.1/thumb/v7e-m+fp/hard/crtend.o
LOAD C:/ST/STM32CubeCLT/GNU-tools-for-STM32/bin/../lib/gcc/arm-none-eabi/11.3.1/thumb/v7e-m+fp/hard/crtn.o
                0x0000000020020000                _estack = (ORIGIN (RAM) + LENGTH (RAM))
                0x0000000000000200                _Min_Heap_Size = 0x200
                0x0000000000000400                _Min_Stack_Size = 0x400

.isr_vector     0x0000000008000000        0x0
                0x0000000008000000                . = ALIGN (0x4)
 *(.isr_vector)
                0x0000000008000000                . = ALIGN (0x4)

.text           0x0000000008000000      0x124
                0x0000000008000000                . = ALIGN (0x4)
 *(.text)
 .text          0x0000000008000000       0x40 C:/ST/STM32CubeCLT/GNU-tools-for-STM32/bin/../lib/gcc/arm-none-eabi/11.3.1/thumb/v7e-m+fp/hard/crtbegin.o
 *(.text*)
 .text.__retarget_lock_acquire_recursive
                0x0000000008000040        0x2 C:/ST/STM32CubeCLT/GNU-tools-for-STM32/bin/../lib/gcc/arm-none-eabi/11.3.1/../../../../arm-none-eabi/lib/thumb/v7e-m+fp/hard\libc.a(libc_a-lock.o)
                0x0000000008000040                __retarget_lock_acquire_recursive
 .text.__retarget_lock_release_recursive
                0x0000000008000042        0x2 C:/ST/STM32CubeCLT/GNU-tools-for-STM32/bin/../lib/gcc/arm-none-eabi/11.3.1/../../../../arm-none-eabi/lib/thumb/v7e-m+fp/hard\libc.a(libc_a-lock.o)
                0x0000000008000042                __retarget_lock_release_recursive
 .text.startup.register_fini
                0x0000000008000044       0x14 C:/ST/STM32CubeCLT/GNU-tools-for-STM32/bin/../lib/gcc/arm-none-eabi/11.3.1/../../../../arm-none-eabi/lib/thumb/v7e-m+fp/hard\libc.a(libc_a-__call_atexit.o)
 .text.atexit   0x0000000008000058        0xc C:/ST/STM32CubeCLT/GNU-tools-for-STM32/bin/../lib/gcc/arm-none-eabi/11.3.1/../../../../arm-none-eabi/lib/thumb/v7e-m+fp/hard\libc.a(libc_a-atexit.o)
                0x0000000008000058                atexit
 .text.__libc_fini_array
                0x0000000008000064       0x28 C:/ST/STM32CubeCLT/GNU-tools-for-STM32/bin/../lib/gcc/arm-none-eabi/11.3.1/../../../../arm-none-eabi/lib/thumb/v7e-m+fp/hard\libc.a(libc_a-fini.o)
                0x0000000008000064                __libc_fini_array
 .text.__register_exitproc
                0x000000000800008c       0x80 C:/ST/STM32CubeCLT/GNU-tools-for-STM32/bin/../lib/gcc/arm-none-eabi/11.3.1/../../../../arm-none-eabi/lib/thumb/v7e-m+fp/hard\libc.a(libc_a-__atexit.o)
                0x000000000800008c                __register_exitproc
 *(.glue_7)
 .glue_7        0x000000000800010c        0x0 linker stubs
 *(.glue_7t)
 .glue_7t       0x000000000800010c        0x0 linker stubs
 *(.eh_frame)
 .eh_frame      0x000000000800010c        0x0 C:/ST/STM32CubeCLT/GNU-tools-for-STM32/bin/../lib/gcc/arm-none-eabi/11.3.1/thumb/v7e-m+fp/hard/crtbegin.o
 *(.init)
 .init          0x000000000800010c        0x4 C:/ST/STM32CubeCLT/GNU-tools-for-STM32/bin/../lib/gcc/arm-none-eabi/11.3.1/thumb/v7e-m+fp/hard/crti.o
                0x000000000800010c                _init
 .init          0x0000000008000110        0x8 C:/ST/STM32CubeCLT/GNU-tools-for-STM32/bin/../lib/gcc/arm-none-eabi/11.3.1/thumb/v7e-m+fp/hard/crtn.o
 *(.fini)
 .fini          0x0000000008000118        0x4 C:/ST/STM32CubeCLT/GNU-tools-for-STM32/bin/../lib/gcc/arm-none-eabi/11.3.1/thumb/v7e-m+fp/hard/crti.o
                0x0000000008000118                _fini
 .fini          0x000000000800011c        0x8 C:/ST/STM32CubeCLT/GNU-tools-for-STM32/bin/../lib/gcc/arm-none-eabi/11.3.1/thumb/v7e-m+fp/hard/crtn.o
                0x0000000008000124                . = ALIGN (0x4)
                0x0000000008000124                _etext = .

.vfp11_veneer   0x0000000008000124        0x0
 .vfp11_veneer  0x0000000008000124        0x0 linker stubs

.v4_bx          0x0000000008000124        0x0
 .v4_bx         0x0000000008000124        0x0 linker stubs

.iplt           0x0000000008000124        0x0
 .iplt          0x0000000008000124        0x0 C:/ST/STM32CubeCLT/GNU-tools-for-STM32/bin/../lib/gcc/arm-none-eabi/11.3.1/thumb/v7e-m+fp/hard/crtbegin.o

.rodata         0x0000000008000124        0x0
                0x0000000008000124                . = ALIGN (0x4)
 *(.rodata)
 *(.rodata*)
                0x0000000008000124                . = ALIGN (0x4)

.ARM.extab      0x0000000008000124        0x0
                0x0000000008000124                . = ALIGN (0x4)
 *(.ARM.extab* .gnu.linkonce.armextab.*)
                0x0000000008000124                . = ALIGN (0x4)

.ARM            0x0000000008000124        0x0
                0x0000000008000124                . = ALIGN (0x4)
                0x0000000008000124                __exidx_start = .
 *(.ARM.exidx*)
                0x0000000008000124                __exidx_end = .
                0x0000000008000124                . = ALIGN (0x4)

.preinit_array  0x0000000008000124        0x0
                0x0000000008000124                . = ALIGN (0x4)
                0x0000000008000124                PROVIDE (__preinit_array_start = .)
 *(.preinit_array*)
                0x0000000008000124                PROVIDE (__preinit_array_end = .)
                0x0000000008000124                . = ALIGN (0x4)

.init_array     0x0000000008000124        0x8
                0x0000000008000124                . = ALIGN (0x4)
                0x0000000008000124                PROVIDE (__init_array_start = .)
 *(SORT_BY_NAME(.init_array.*))
 .init_array.00000
                0x0000000008000124        0x4 C:/ST/STM32CubeCLT/GNU-tools-for-STM32/bin/../lib/gcc/arm-none-eabi/11.3.1/../../../../arm-none-eabi/lib/thumb/v7e-m+fp/hard\libc.a(libc_a-__call_atexit.o)
 *(.init_array*)
 .init_array    0x0000000008000128        0x4 C:/ST/STM32CubeCLT/GNU-tools-for-STM32/bin/../lib/gcc/arm-none-eabi/11.3.1/thumb/v7e-m+fp/hard/crtbegin.o
                0x000000000800012c                PROVIDE (__init_array_end = .)
                0x000000000800012c                . = ALIGN (0x4)

.fini_array     0x000000000800012c        0x4
                0x000000000800012c                . = ALIGN (0x4)
                0x000000000800012c                PROVIDE (__fini_array_start = .)
 *(SORT_BY_NAME(.fini_array.*))
 *(.fini_array*)
 .fini_array    0x000000000800012c        0x4 C:/ST/STM32CubeCLT/GNU-tools-for-STM32/bin/../lib/gcc/arm-none-eabi/11.3.1/thumb/v7e-m+fp/hard/crtbegin.o
                0x0000000008000130                PROVIDE (__fini_array_end = .)
                0x0000000008000130                . = ALIGN (0x4)
                0x0000000008000130                _sidata = LOADADDR (.data)

.rel.dyn        0x0000000008000130        0x0
 .rel.iplt      0x0000000008000130        0x0 C:/ST/STM32CubeCLT/GNU-tools-for-STM32/bin/../lib/gcc/arm-none-eabi/11.3.1/thumb/v7e-m+fp/hard/crtbegin.o

.data           0x0000000020000000        0x4 load address 0x0000000008000130
                0x0000000020000000                . = ALIGN (0x4)
                0x0000000020000000                _sdata = .
 *(.data)
 *(.data*)
 .data.__atexit_recursive_mutex
                0x0000000020000000        0x4 C:/ST/STM32CubeCLT/GNU-tools-for-STM32/bin/../lib/gcc/arm-none-eabi/11.3.1/../../../../arm-none-eabi/lib/thumb/v7e-m+fp/hard\libc.a(libc_a-__call_atexit.o)
                0x0000000020000000                __atexit_recursive_mutex
 *(.RamFunc)
 *(.RamFunc*)
                0x0000000020000004                . = ALIGN (0x4)
                0x0000000020000004                _edata = .

.igot.plt       0x0000000020000004        0x0 load address 0x0000000008000134
 .igot.plt      0x0000000020000004        0x0 C:/ST/STM32CubeCLT/GNU-tools-for-STM32/bin/../lib/gcc/arm-none-eabi/11.3.1/thumb/v7e-m+fp/hard/crtbegin.o
                0x0000000020000004                . = ALIGN (0x4)

.bss            0x0000000020000004      0x1b4 load address 0x0000000008000134
                0x0000000020000004                _sbss = .
                0x0000000020000004                __bss_start__ = _sbss
 *(.bss)
 .bss           0x0000000020000004       0x1c C:/ST/STM32CubeCLT/GNU-tools-for-STM32/bin/../lib/gcc/arm-none-eabi/11.3.1/thumb/v7e-m+fp/hard/crtbegin.o
 *(.bss*)
 .bss.__lock___atexit_recursive_mutex
                0x0000000020000020        0x1 C:/ST/STM32CubeCLT/GNU-tools-for-STM32/bin/../lib/gcc/arm-none-eabi/11.3.1/../../../../arm-none-eabi/lib/thumb/v7e-m+fp/hard\libc.a(libc_a-lock.o)
                0x0000000020000020                __lock___atexit_recursive_mutex
 *fill*         0x0000000020000021        0x3 
 .bss.__atexit  0x0000000020000024        0x4 C:/ST/STM32CubeCLT/GNU-tools-for-STM32/bin/../lib/gcc/arm-none-eabi/11.3.1/../../../../arm-none-eabi/lib/thumb/v7e-m+fp/hard\libc.a(libc_a-__call_atexit.o)
                0x0000000020000024                __atexit
 .bss.__atexit0
                0x0000000020000028      0x190 C:/ST/STM32CubeCLT/GNU-tools-for-STM32/bin/../lib/gcc/arm-none-eabi/11.3.1/../../../../arm-none-eabi/lib/thumb/v7e-m+fp/hard\libc.a(libc_a-__atexit.o)
                0x0000000020000028                __atexit0
 *(COMMON)
                0x00000000200001b8                . = ALIGN (0x4)
                0x00000000200001b8                _ebss = .
                0x00000000200001b8                __bss_end__ = _ebss

._user_heap_stack
                0x00000000200001b8      0x600 load address 0x0000000008000134
                0x00000000200001b8                . = ALIGN (0x8)
                [!provide]                        PROVIDE (end = .)
                0x00000000200001b8                PROVIDE (_end = .)
                0x00000000200003b8                . = (. + _Min_Heap_Size)
 *fill*         0x00000000200001b8      0x200 
                0x00000000200007b8                . = (. + _Min_Stack_Size)
 *fill*         0x00000000200003b8      0x400 
                0x00000000200007b8                . = ALIGN (0x8)

/DISCARD/
 libc.a(*)
 libm.a(*)
 libgcc.a(*)

.ARM.attributes
                0x0000000000000000       0x30
 *(.ARM.attributes)
 .ARM.attributes
                0x0000000000000000       0x1e C:/ST/STM32CubeCLT/GNU-tools-for-STM32/bin/../lib/gcc/arm-none-eabi/11.3.1/thumb/v7e-m+fp/hard/crti.o
 .ARM.attributes
                0x000000000000001e       0x34 C:/ST/STM32CubeCLT/GNU-tools-for-STM32/bin/../lib/gcc/arm-none-eabi/11.3.1/thumb/v7e-m+fp/hard/crtbegin.o
 .ARM.attributes
                0x0000000000000052       0x34 C:/ST/STM32CubeCLT/GNU-tools-for-STM32/bin/../lib/gcc/arm-none-eabi/11.3.1/../../../../arm-none-eabi/lib/thumb/v7e-m+fp/hard\libc.a(libc_a-lock.o)
 .ARM.attributes
                0x0000000000000086       0x34 C:/ST/STM32CubeCLT/GNU-tools-for-STM32/bin/../lib/gcc/arm-none-eabi/11.3.1/../../../../arm-none-eabi/lib/thumb/v7e-m+fp/hard\libc.a(libc_a-__call_atexit.o)
 .ARM.attributes
                0x00000000000000ba       0x34 C:/ST/STM32CubeCLT/GNU-tools-for-STM32/bin/../lib/gcc/arm-none-eabi/11.3.1/../../../../arm-none-eabi/lib/thumb/v7e-m+fp/hard\libc.a(libc_a-atexit.o)
 .ARM.attributes
                0x00000000000000ee       0x34 C:/ST/STM32CubeCLT/GNU-tools-for-STM32/bin/../lib/gcc/arm-none-eabi/11.3.1/../../../../arm-none-eabi/lib/thumb/v7e-m+fp/hard\libc.a(libc_a-fini.o)
 .ARM.attributes
                0x0000000000000122       0x34 C:/ST/STM32CubeCLT/GNU-tools-for-STM32/bin/../lib/gcc/arm-none-eabi/11.3.1/../../../../arm-none-eabi/lib/thumb/v7e-m+fp/hard\libc.a(libc_a-__atexit.o)
 .ARM.attributes
                0x0000000000000156       0x1e C:/ST/STM32CubeCLT/GNU-tools-for-STM32/bin/../lib/gcc/arm-none-eabi/11.3.1/thumb/v7e-m+fp/hard/crtn.o
OUTPUT(controller_PMSM.elf elf32-littlearm)
LOAD linker stubs
LOAD C:/ST/STM32CubeCLT/GNU-tools-for-STM32/bin/../lib/gcc/arm-none-eabi/11.3.1/../../../../arm-none-eabi/lib/thumb/v7e-m+fp/hard\libc.a
LOAD C:/ST/STM32CubeCLT/GNU-tools-for-STM32/bin/../lib/gcc/arm-none-eabi/11.3.1/../../../../arm-none-eabi/lib/thumb/v7e-m+fp/hard\libm.a
LOAD C:/ST/STM32CubeCLT/GNU-tools-for-STM32/bin/../lib/gcc/arm-none-eabi/11.3.1/thumb/v7e-m+fp/hard\libgcc.a

.comment        0x0000000000000000       0x43
 .comment       0x0000000000000000       0x43 C:/ST/STM32CubeCLT/GNU-tools-for-STM32/bin/../lib/gcc/arm-none-eabi/11.3.1/thumb/v7e-m+fp/hard/crtbegin.o
                                         0x44 (size before relaxing)

.debug_frame    0x0000000000000000      0x194
 .debug_frame   0x0000000000000000       0xb0 C:/ST/STM32CubeCLT/GNU-tools-for-STM32/bin/../lib/gcc/arm-none-eabi/11.3.1/../../../../arm-none-eabi/lib/thumb/v7e-m+fp/hard\libc.a(libc_a-lock.o)
 .debug_frame   0x00000000000000b0       0x58 C:/ST/STM32CubeCLT/GNU-tools-for-STM32/bin/../lib/gcc/arm-none-eabi/11.3.1/../../../../arm-none-eabi/lib/thumb/v7e-m+fp/hard\libc.a(libc_a-__call_atexit.o)
 .debug_frame   0x0000000000000108       0x20 C:/ST/STM32CubeCLT/GNU-tools-for-STM32/bin/../lib/gcc/arm-none-eabi/11.3.1/../../../../arm-none-eabi/lib/thumb/v7e-m+fp/hard\libc.a(libc_a-atexit.o)
 .debug_frame   0x0000000000000128       0x38 C:/ST/STM32CubeCLT/GNU-tools-for-STM32/bin/../lib/gcc/arm-none-eabi/11.3.1/../../../../arm-none-eabi/lib/thumb/v7e-m+fp/hard\libc.a(libc_a-fini.o)
 .debug_frame   0x0000000000000160       0x34 C:/ST/STM32CubeCLT/GNU-tools-for-STM32/bin/../lib/gcc/arm-none-eabi/11.3.1/../../../../arm-none-eabi/lib/thumb/v7e-m+fp/hard\libc.a(libc_a-__atexit.o)
